// Jest Snapshot v1, https://goo.gl/fbAQLP

exports[`Pruebas en <GifExpertApp /> Debe de mostrar el componente correctamente 1`] = `
<div>
  <h1>
    GifExpertApp
  </h1>
  <form
    aria-label="form"
  >
    <input
      placeholder="Buscar gifs"
      type="text"
      value=""
    />
  </form>
  <h3>
    One Punch
  </h3>
  <div
    class="flex justify-center items-center h-32"
  >
    <div
      class="animate-spin rounded-full h-16 w-16 border-t-8 border-blue-600 border-solid"
    />
  </div>
  <div
    class="card-grid"
  />
</div>
`;
